{
  "manifestVersion": "v0.1.0",
  "flavors": {
    "standard": {
      "name": "standard",
      "filterProfile": "standard",
      "versions": {
        "nightly": {
          "name": "nightly",
          "operatingSystems": {
            "CentOS": {
              "name": "CENTOS",
              "builds": [
                {
                  "operatingSystemVersions": ["7"],
                  "downloadLocationUrl": "standard:nightly/centos"
                }
              ]
            }
          }
        },
        "1.11.0": {
          "name": "1.11.0",
          "operatingSystems": {
            "CentOS": {
              "name": "CENTOS",
              "builds": [
                {
                  "operatingSystemVersions": ["7"],
                  "downloadLocationUrl": "standard:1.11.0/centos"
                }
              ]
            },
            "macOS": {
              "name": "MACOS",
              "builds": [
                {
                  "operatingSystemVersions": ["10.14"],
                  "downloadLocationUrl": "standard:1.11.0/macos"
                }
              ]
            },
            "Ubuntu": {
              "builds": [
                {
                  "operatingSystemVersions": ["xenial", "bionic"],
                  "downloadLocationUrl": "standard:1.11.0/debian"
                }
              ]
            }
          }
        }
      }
    },
    "standard-fips1402": {
      "name": "standard-fips1402",
      "filterProfile": "standard",
      "compliances": ["FIPS_1402"],
      "versions": {
        "1.10.0": {
          "name": "1.10.0",
          "operatingSystems": {
            "CentOS": {
              "name": "CENTOS",
              "builds": [
                {
                  "operatingSystemVersions": ["7"],
                  "downloadLocationUrl": "standard-fips1402:1.10.0/centos"
                }
              ]
            },
            "Ubuntu": {
              "builds": [
                {
                  "operatingSystemVersions": ["xenial"],
                  "downloadLocationUrl": "standard-fips1402:1.10.0/debian"
                }
              ]
            }
          }
        }
      }
    }
  }
}
