{
  "manifestVersion": "v0.1.0",
  "flavors": {
    "standard": {
      "name": "standard",
      "filterProfile": "standard",
      "versions": {
        "nightly": {
          "name": "nightly",
          "builds": {
            "LINUX_GLIBC_2_17": {
              "downloadLocationUrl": "standard:nightly/linux-glibc-2-17",
              "platform": "LINUX_GLIBC_2_17"
            }
          }
        },
        "1.11.0": {
          "name": "1.11.0",
          "builds": {
            "LINUX_GLIBC_2_17": {
              "downloadLocationUrl": "standard:1.11.0/linux-glibc-2-17",
              "platform": "LINUX_GLIBC_2_17"
            },
            "LINUX_GLIBC_2_18": {
              "downloadLocationUrl": "standard:1.11.0/linux-glibc-2-18",
              "platform": "LINUX_GLIBC_2_18"
            },
            "DARWIN": {
              "downloadLocationUrl": "standard:1.11.0/darwin",
              "platform": "DARWIN"
            }
          }
        }
      }
    },
    "standard-fips1402": {
      "name": "standard-fips1402",
      "filterProfile": "standard",
      "compliances": ["FIPS1402"],
      "versions": {
        "1.10.0": {
          "name": "1.10.0",
          "builds": {
            "LINUX_GLIBC_2_17": {
              "downloadLocationUrl": "standard-fips1402:1.10.0/linux-glibc-2-17",
              "platform": "LINUX_GLIBC_2_17"
            },
            "LINUX_GLIBC_2_18": {
              "downloadLocationUrl": "standard-fips1402:1.10.0/linux-glibc-2-18",
              "platform": "LINUX_GLIBC_2_18"
            }
          }
        }
      }
    }
  }
}
