{
  "manifestVersion": "v0.1.0",
  "flavors": {
    "standard": {
      "name": "standard",
      "filterProfile": "standard",
      "versions": {
        "nightly": {
          "name": "nightly",
          "builds": {
            "LINUX_GLIBC": {
              "downloadLocationUrl": "standard:nightly/linux-glibc",
              "platform": "LINUX_GLIBC"
            }
          }
        },
        "1.15.3": {
          "name": "1.15.3",
          "builds": {
            "LINUX_GLIBC": {
              "downloadLocationUrl": "standard:1.15.3/linux-glibc",
              "platform": "LINUX_GLIBC"
            },
            "DARWIN": {
              "downloadLocationUrl": "standard:1.15.3/darwin",
              "platform": "DARWIN"
            }
          }
        }
      }
    },
    "standard-fips1402": {
      "name": "standard-fips1402",
      "filterProfile": "standard",
      "compliances": ["FIPS1402"],
      "versions": {
        "1.10.0": {
          "name": "1.10.0",
          "builds": {
            "LINUX_GLIBC": {
              "downloadLocationUrl": "standard-fips1402:1.10.0/linux-glibc",
              "platform": "LINUX_GLIBC"
            }
          }
        }
      }
    }
  }
}
